\BOOKMARK [0][-]{indhold.0}{Indholdsfortegnelse}{}% 1
\BOOKMARK [0][-]{chapter.1}{Lungernes anatomi og fysiologi}{}% 2
\BOOKMARK [1][-]{section.1.1}{Lungernes opbygning}{chapter.1}% 3
\BOOKMARK [2][-]{subsection.1.1.1}{Ventilation}{section.1.1}% 4
